// Jest Snapshot v1, https://goo.gl/fbAQLP

exports[`Controls.vue has the expected html structure 1`] = `
<div
  class="bg"
>
  <div
    class="controls"
  >
    <!---->
     
    <button
      class="btn btn-lg btn-primary"
      disabled="disabled"
      id="save_btn"
      type="button"
    >
      
      Apply Changes
    
    </button>
     
    <a
      class="is-hidden"
      href=""
      id="replace-file-button"
    >
      Manage Page Files
    </a>
  </div>
</div>
`;
